New https://pypi.org/project/ultralytics/8.4.131 available 😃 Update with 'pip install -U ultralytics'
Ultralytics 8.4.123 🚀 Python-3.13.12 torch-2.13.0 CPU (Apple M1)
[34m[1mengine/trainer: [0magnostic_nms=False, amp=True, angle=1.0, augment=False, auto_augment=randaugment, batch=2, bgr=0.0, box=7.5, cache=False, cfg=None, channels_last=False, classes=None, close_mosaic=10, cls=0.5, cls_pw=0.0, cls_remap=True, compile=False, conf=None, copy_paste=0.0, copy_paste_mode=flip, cos_lr=False, cutmix=0.0, data=/Users/song/work/metch-yolo/datasets/ppe_test/dataset.yaml, degrees=0.0, deterministic=True, device=cpu, dfl=1.5, dgrad=0.5, dis=6.0, distill_model=None, dlam=1.0, dlog=1.0, dnn=False, dropout=0.0, dynamic=False, embed=None, end2end=None, epochs=1, erasing=0.4, exist_ok=True, fliplr=0.5, flipud=0.0, format=torchscript, fraction=1.0, freeze=None, hsv_h=0.015, hsv_s=0.7, hsv_v=0.4, imgsz=320, iou=0.7, keras=False, kobj=1.0, line_width=None, lr0=0.01, lrf=0.01, mask_ratio=4, max_det=300, mixup=0.0, mode=train, model=/Users/song/work/metch-yolo/models/yolov8n.pt, momentum=0.937, mosaic=1.0, multi_scale=0.0, name=smoke_run, nbs=64, nms=False, opset=None, optimize=False, optimizer=auto, overlap_mask=True, patience=20, perspective=0.0, plots=True, pose=12.0, pretrained=True, profile=False, project=/Users/song/work/metch-yolo/runs/panel, quantize=None, rect=False, resume=False, retina_masks=False, rle=1.0, save=True, save_conf=False, save_crop=False, save_dir=/Users/song/work/metch-yolo/runs/panel/smoke_run, save_frames=False, save_json=False, save_period=-1, save_txt=False, scale=0.5, seed=0, shear=0.0, show=False, show_boxes=True, show_conf=True, show_labels=True, simplify=True, single_cls=False, source=None, split=val, stream_buffer=False, task=detect, time=None, tracker=tracktrack.yaml, translate=0.1, val=True, verbose=True, vid_stride=1, visualize=False, warmup_bias_lr=0.1, warmup_epochs=3.0, warmup_momentum=0.8, weight_decay=0.0005, workers=8, workspace=None
Overriding model.yaml nc=80 with nc=3

                   from  n    params  module                                       arguments                     
  0                  -1  1       464  ultralytics.nn.modules.conv.Conv             [3, 16, 3, 2]                 
  1                  -1  1      4672  ultralytics.nn.modules.conv.Conv             [16, 32, 3, 2]                
  2                  -1  1      7360  ultralytics.nn.modules.block.C2f             [32, 32, 1, True]             
  3                  -1  1     18560  ultralytics.nn.modules.conv.Conv             [32, 64, 3, 2]                
  4                  -1  2     49664  ultralytics.nn.modules.block.C2f             [64, 64, 2, True]             
  5                  -1  1     73984  ultralytics.nn.modules.conv.Conv             [64, 128, 3, 2]               
  6                  -1  2    197632  ultralytics.nn.modules.block.C2f             [128, 128, 2, True]           
  7                  -1  1    295424  ultralytics.nn.modules.conv.Conv             [128, 256, 3, 2]              
  8                  -1  1    460288  ultralytics.nn.modules.block.C2f             [256, 256, 1, True]           
  9                  -1  1    164608  ultralytics.nn.modules.block.SPPF            [256, 256, 5]                 
 10                  -1  1         0  torch.nn.modules.upsampling.Upsample         [None, 2, 'nearest']          
 11             [-1, 6]  1         0  ultralytics.nn.modules.conv.Concat           [1]                           
 12                  -1  1    148224  ultralytics.nn.modules.block.C2f             [384, 128, 1]                 
 13                  -1  1         0  torch.nn.modules.upsampling.Upsample         [None, 2, 'nearest']          
 14             [-1, 4]  1         0  ultralytics.nn.modules.conv.Concat           [1]                           
 15                  -1  1     37248  ultralytics.nn.modules.block.C2f             [192, 64, 1]                  
 16                  -1  1     36992  ultralytics.nn.modules.conv.Conv             [64, 64, 3, 2]                
 17            [-1, 12]  1         0  ultralytics.nn.modules.conv.Concat           [1]                           
 18                  -1  1    123648  ultralytics.nn.modules.block.C2f             [192, 128, 1]                 
 19                  -1  1    147712  ultralytics.nn.modules.conv.Conv             [128, 128, 3, 2]              
 20             [-1, 9]  1         0  ultralytics.nn.modules.conv.Concat           [1]                           
 21                  -1  1    493056  ultralytics.nn.modules.block.C2f             [384, 256, 1]                 
 22        [15, 18, 21]  1    751897  ultralytics.nn.modules.head.Detect           [3, 16, None, [64, 128, 256]] 
Model summary: 130 layers, 3,011,433 parameters, 3,011,417 gradients, 8.2 GFLOPs

Remapped 1/3 cls head rows from pretrained weights by class name
Transferred 322/355 items from pretrained weights
Freezing layer 'model.22.dfl.conv.weight'
[34m[1mtrain: [0mFast image access ✅ (ping: 0.0±0.0 ms, read: 329.4±152.1 MB/s, size: 91.7 KB)
[K[34m[1mtrain: [0mScanning /Users/song/work/metch-yolo/datasets/ppe_test/labels/all... 2 images, 0 backgrounds, 1 corrupt: 100% ━━━━━━━━━━━━ 2/2 275.0it/s 0.0s
[34m[1mtrain: [0m/Users/song/work/metch-yolo/datasets/ppe_test/images/all/zidane.jpg: ignoring corrupt image/label: Label class 5 exceeds dataset class count 3. Possible class labels are 0-2
[34m[1mtrain: [0mNew cache created: /Users/song/work/metch-yolo/datasets/ppe_test/labels/all.cache
[34m[1mval: [0mFast image access ✅ (ping: 0.0±0.0 ms, read: 2162.9±826.0 MB/s, size: 91.7 KB)
[K[34m[1mval: [0mScanning /Users/song/work/metch-yolo/datasets/ppe_test/labels/all.cache... 2 images, 0 backgrounds, 1 corrupt: 100% ━━━━━━━━━━━━ 2/2 2.1Mit/s 0.0s
[34m[1mtrain: [0m/Users/song/work/metch-yolo/datasets/ppe_test/images/all/zidane.jpg: ignoring corrupt image/label: Label class 5 exceeds dataset class count 3. Possible class labels are 0-2
[34m[1moptimizer:[0m 'optimizer=auto' found, ignoring 'lr0=0.01' and 'momentum=0.937' and determining best 'optimizer', 'lr0' and 'momentum' automatically... 
[34m[1moptimizer:[0m AdamW(lr=0.001429, momentum=0.9) with parameter groups 57 weight(decay=0.0), 64 weight(decay=0.0005), 63 bias(decay=0.0)
Plotting labels to /Users/song/work/metch-yolo/runs/panel/smoke_run/labels.jpg... 
Image sizes 320 train, 320 val
Using 0 dataloader workers
Logging results to [1m/Users/song/work/metch-yolo/runs/panel/smoke_run[0m
Starting training for 1 epochs...

      Epoch    GPU_mem   box_loss   cls_loss   dfl_loss  Instances       Size
[K        1/1         0G      3.801      3.899      3.067          3        320: 0% ──────────── 0/1  0.1s[K        1/1         0G      3.801      3.899      3.067          3        320: 100% ━━━━━━━━━━━━ 1/1 9.3it/s 0.1s
[K                 Class     Images  Instances      Box(P          R      mAP50  mAP50-95): 100% ━━━━━━━━━━━━ 1/1 29.2it/s 0.0s
                   all          1          2          0          0          0          0

1 epochs completed in 0.000 hours.
Optimizer stripped from /Users/song/work/metch-yolo/runs/panel/smoke_run/weights/last.pt, 6.2MB
Optimizer stripped from /Users/song/work/metch-yolo/runs/panel/smoke_run/weights/best.pt, 6.2MB

Validating /Users/song/work/metch-yolo/runs/panel/smoke_run/weights/best.pt...
Ultralytics 8.4.123 🚀 Python-3.13.12 torch-2.13.0 CPU (Apple M1)
Model summary (fused): 73 layers, 3,006,233 parameters, 0 gradients, 8.1 GFLOPs
[K                 Class     Images  Instances      Box(P          R      mAP50  mAP50-95): 100% ━━━━━━━━━━━━ 1/1 36.1it/s 0.0s
                   all          1          2          0          0          0          0
                person          1          1          0          0          0          0
             cigarette          1          1          0          0          0          0
Speed: 0.2ms preprocess, 18.5ms inference, 0.0ms loss, 5.2ms postprocess per image
Results saved to [1m/Users/song/work/metch-yolo/runs/panel/smoke_run[0m
[train-worker] done
